  0x725244FB 0.00 -> 1000.00 GEN
  0xf76F495A 0.00 -> 1000.00 GEN
  0x50e6491E 0.00 -> 1000.00 GEN
  0x279Db4Fe 0.00 -> 1000.00 GEN
  0xE20AE1bB 0.00 -> 1000.00 GEN
  0x19EcC324 0.00 -> 1000.00 GEN
  0x1cd05433 0.00 -> 1000.00 GEN
  0x431240Af 0.00 -> 1000.00 GEN
  publish_work 0x0662a45bb1d07639c4cabe4752de2adf88c1798eada7d804537c42095f712e7f
  publish-fox: publish_work ok  https://explorer-studio-dev.genlayer.com/tx/0x0662a45bb1d07639c4cabe4752de2adf88c1798eada7d804537c42095f712e7f
  publish_work 0xdc66e649c833c5914b58ab0589c46d497de15a3aea76234d249c046fc2457a2f
  publish-dune: publish_work ok  https://explorer-studio-dev.genlayer.com/tx/0xdc66e649c833c5914b58ab0589c46d497de15a3aea76234d249c046fc2457a2f
  publish_work 0x4963d672759a625809e07bbbd0ca57fa5681b48ea9f1a97dfce0a89ec31c7a68
  publish-tidepool: publish_work ok  https://explorer-studio-dev.genlayer.com/tx/0x4963d672759a625809e07bbbd0ca57fa5681b48ea9f1a97dfce0a89ec31c7a68
  publish_work 0xa2bdbfefa8ec9c4d0c9035be9e7aa56973698128d7847f1c9fece75968a284b8
  publish-kestrel: publish_work ok  https://explorer-studio-dev.genlayer.com/tx/0xa2bdbfefa8ec9c4d0c9035be9e7aa56973698128d7847f1c9fece75968a284b8
  publish_work 0xfa1ea9ede7ed4678fd0f3e167e0f98f104f77616628da7c799e04dbe2682dd1b
  publish-harbor: publish_work ok  https://explorer-studio-dev.genlayer.com/tx/0xfa1ea9ede7ed4678fd0f3e167e0f98f104f77616628da7c799e04dbe2682dd1b
  ask 0x25aa686c48bc6ce2fc4eba5ee342c8ebd94cd8d2cf0c0be5ba9357fec212815d
  ask-fox-thumbnail: ask ok  https://explorer-studio-dev.genlayer.com/tx/0x25aa686c48bc6ce2fc4eba5ee342c8ebd94cd8d2cf0c0be5ba9357fec212815d
    -> PAID commercial  A thumbnail for a monetised YouTube video is explicitly listed as commercial use (monetised videos), which requires the commercial tier at 40 GEN.
  ask 0xa512bcec663f94c4cc1ce520588fd79db24f6cfe8f1299237ee8cef59b9742e6
  ask-fox-shirts: ask ok  https://explorer-studio-dev.genlayer.com/tx/0xa512bcec663f94c4cc1ce520588fd79db24f6cfe8f1299237ee8cef59b9742e6
    -> PAID merch  Selling 200 printed T-shirts is printed merch, and the merch tier covers printed goods up to 500 units.
  ask 0x218415f7057beba812981d7c15e5f5cd0bf86e02bd23468afefd4898abb4a179
  ask-fox-wallpaper: ask ok  https://explorer-studio-dev.genlayer.com/tx/0x218415f7057beba812981d7c15e5f5cd0bf86e02bd23468afefd4898abb4a179
    -> FREE   Using it as wallpaper on your own phone for yourself only is personal use, which the license allows for free with credit.
  ask 0x654be13fbd8dab5ebba443fcb7c25de92a77e578f6e80c0d56cda0f89e88e982
  ask-fox-training: ask ok  https://explorer-studio-dev.genlayer.com/tx/0x654be13fbd8dab5ebba443fcb7c25de92a77e578f6e80c0d56cda0f89e88e982
    -> DENIED   The license explicitly prohibits AI training in any form, and no paid tier covers this use.
  ask 0x53851f19e4f94761fdb0f053715a0a66e1cc09b29807cf36c75ba54c0d189933
  ask-fox-mugs: ask ok  https://explorer-studio-dev.genlayer.com/tx/0x53851f19e4f94761fdb0f053715a0a66e1cc09b29807cf36c75ba54c0d189933
    -> DENIED   Merch tier covers only up to 500 units; 2000 exceeds that limit and larger runs are excluded from all listed tiers.
  ask 0x1058c678bd1a05946c6111f10ee5a6ac29f26cad8eca8fb1ca1e40191209e862
  ask-dune-laptop: ask ok  https://explorer-studio-dev.genlayer.com/tx/0x1058c678bd1a05946c6111f10ee5a6ac29f26cad8eca8fb1ca1e40191209e862
    -> FREE   License allows non‑commercial wallpaper use with credit
  ask 0xab43b023fd5fa8b9141154d6a12340a14b7d721443e11c452021a308e691383d
  ask-dune-news: ask ok  https://explorer-studio-dev.genlayer.com/tx/0xab43b023fd5fa8b9141154d6a12340a14b7d721443e11c452021a308e691383d
    -> FREE   The license explicitly states that news and editorial use is free with credit.
  ask 0xfc66ec42715469600e8a93c7601db35d705740e6a5964b58828d8fc9eb9ac28e
  ask-dune-ad: ask ok  https://explorer-studio-dev.genlayer.com/tx/0xfc66ec42715469600e8a93c7601db35d705740e6a5964b58828d8fc9eb9ac28e
    -> PAID commercial  The proposed use is a paid Instagram ad, which falls under advertising and commercial use requiring the commercial tier.
  ask 0x9276279d6bbfb857b68b234b18ca51115fd1691bffa127061ba18ac7ad183f63
  ask-tidepool-stream: ask ok  https://explorer-studio-dev.genlayer.com/tx/0x9276279d6bbfb857b68b234b18ca51115fd1691bffa127061ba18ac7ad183f63
    -> FREE   The license explicitly allows use in your own streams, monetised or not, with credit in the description, and this use is a monetised Twitch stream with credit.
  ask 0xe071efc129639a65dfbaef812988f8a4e229f15a1d42206f4a8c07ec345548b8
  ask-tidepool-pack: ask ok  https://explorer-studio-dev.genlayer.com/tx/0xe071efc129639a65dfbaef812988f8a4e229f15a1d42206f4a8c07ec345548b8
    -> DENIED   The license explicitly says you may not resell the loops themselves or put them in a sample pack, and no paid tier offers permission for sample packs.
  ask 0x279d531809a49e5e867ead0c6057eec297423a2d83d7dccb63e7e064d8650a21
  ask-tidepool-training: ask ok  https://explorer-studio-dev.genlayer.com/tx/0x279d531809a49e5e867ead0c6057eec297423a2d83d7dccb63e7e064d8650a21
    -> DENIED   The license explicitly states 'No AI training' and none of the paid tiers cover this use.
  ask 0x45a74cdcec8028b81fb33f61749da1927184254d5119e0c13cf682c93a0b10ac
  ask-kestrel-campaign: ask ok  https://explorer-studio-dev.genlayer.com/tx/0x45a74cdcec8028b81fb33f61749da1927184254d5119e0c13cf682c93a0b10ac
    -> PAID commercial  An election campaign is a professional/public use that falls under commercial print use, which requires the commercial tier.
  ask 0x7542f76e0ec4fe916ab2607505a69a1dca0c685742fbf4196afac10243a6bbda
  ask-kestrel-game: ask ok  https://explorer-studio-dev.genlayer.com/tx/0x7542f76e0ec4fe916ab2607505a69a1dca0c685742fbf4196afac10243a6bbda
    -> PAID app  Embedding the font files in a game requires the app tier according to the license.
  ask 0x13c15d2ef8e081b475442e8b5842f607a4ac624e13e42b517751c0af75887afc
  ask-harbor-course: ask ok  https://explorer-studio-dev.genlayer.com/tx/0x13c15d2ef8e081b475442e8b5842f607a4ac624e13e42b517751c0af75887afc
    -> FREE   The license explicitly allows use for teaching with a citation, and the proposed university course use matches that permission.
  ask 0x07ef4746cba04945daed907db347e4a8bc7f75ffa135e952a352af5670bc67c1
  ask-harbor-mirror: ask ok  https://explorer-studio-dev.genlayer.com/tx/0x07ef4746cba04945daed907db347e4a8bc7f75ffa135e952a352af5670bc67c1
    -> DENIED   The license explicitly states that redistributing the raw files is not allowed in any form.
  buy 0x58c94c9b886a187adee9b7aee32df680c59a904d7bf33d8892811895b3c98258
  buy-fox-thumbnail: buy ok  https://explorer-studio-dev.genlayer.com/tx/0x58c94c9b886a187adee9b7aee32df680c59a904d7bf33d8892811895b3c98258
  buy 0xd969105a698a03367e39ab3a4852edb1e89d273a6c61e7e76603dc6637118330
  buy-fox-shirts: buy ok  https://explorer-studio-dev.genlayer.com/tx/0xd969105a698a03367e39ab3a4852edb1e89d273a6c61e7e76603dc6637118330
  buy 0xbaf4ffa55678b650084784d29e08cd93793a9b133e67071ad237e44150776c1f
  buy-dune-ad: buy ok  https://explorer-studio-dev.genlayer.com/tx/0xbaf4ffa55678b650084784d29e08cd93793a9b133e67071ad237e44150776c1f
  buy 0x787b954567c6064656bc7334729eb766ca8426466ef007ef28c96f0d2ca2141c
  buy-kestrel-campaign: buy ok  https://explorer-studio-dev.genlayer.com/tx/0x787b954567c6064656bc7334729eb766ca8426466ef007ef28c96f0d2ca2141c
  buy 0x9a4d0067516e51ffbeb5fee661ef3e3aae87c2832f04543deea29ef550f37fb1
  buy-kestrel-game: buy ok  https://explorer-studio-dev.genlayer.com/tx/0x9a4d0067516e51ffbeb5fee661ef3e3aae87c2832f04543deea29ef550f37fb1
  answer 0x307de1e72ac8bb7600ddb203c0ade246fa4e8e7b66d8b8e7adc9046d086b6c41
  answer-harbor-mirror: answer ok  https://explorer-studio-dev.genlayer.com/tx/0x307de1e72ac8bb7600ddb203c0ade246fa4e8e7b66d8b8e7adc9046d086b6c41
  withdraw 0x3a18d0b471733b551ca2ce6bee49f70d8dbd4ce6bb10aa39095dbc15a411b53d
  withdraw-nara: withdraw ok  https://explorer-studio-dev.genlayer.com/tx/0x3a18d0b471733b551ca2ce6bee49f70d8dbd4ce6bb10aa39095dbc15a411b53d
  withdraw: owed 130.0 GEN; wallet 999.9999213615 -> 1129.99979505625 GEN after finality (fees paid from it)
seed exit=0
